
T17567StupidThetaB.hs:1:37: warning:
    -XDatatypeContexts is deprecated: It was widely considered a misfeature, and has been removed from the Haskell language.
