
T17812.hs:8:9: warning: [-Wdeferred-out-of-scope-variables (in -Wdefault)]
    Variable not in scope: outOfScope
